// Jest Snapshot v1, https://goo.gl/fbAQLP

exports[`Test suite for BriefPage component BriefPage renders without errors 1`] = `<withRouter(Connect(BriefPage)) />`;
