// Jest Snapshot v1, https://goo.gl/fbAQLP

exports[`Test suite for CollaboratePageContainer component CollaboratePageContainer renders without errors 1`] = `
<CollaboratePageContainer
  match={[Function]}
/>
`;
