// Jest Snapshot v1, https://goo.gl/fbAQLP

exports[`Test suite for Reset Password Page Container Component ResetPasswordPage renders without errors 1`] = `
<ResetPasswordPageComponent
  handleResetPasswordSubmit={null}
  loadInitialData={null}
  location={
    Object {
      "pathname": "/2",
    }
  }
  match={
    Object {
      "url": "/url",
    }
  }
  passwordsMatchMessage={null}
  user={
    Object {
      "resetPasswordEmailSuccess": true,
      "resetPasswordSuccess": true,
    }
  }
/>
`;
