// Jest Snapshot v1, https://goo.gl/fbAQLP

exports[`Test suite for SignupPage component SignupPage renders without errors 1`] = `<withRouter(Connect(SignupPageComponent)) />`;
