// Jest Snapshot v1, https://goo.gl/fbAQLP

exports[`BriefSpecialistResponseForm rendersu 1`] = `
ShallowWrapper {
  "length": 1,
  Symbol(enzyme.__root__): [Circular],
  Symbol(enzyme.__unrendered__): <Provider
    store={
      Object {
        "dispatch": [Function],
        "getState": [Function],
        "replaceReducer": [Function],
        "subscribe": [Function],
        Symbol(Symbol.observable): [Function],
      }
    }
  >
    <BriefSpecialistResponseForm
      brief={Object {}}
      briefResponses={Array []}
      handleNameSubmit={null}
      handleSubmit={null}
      model=""
      specialistName={null}
      submitClicked={null}
    />
  </Provider>,
  Symbol(enzyme.__renderer__): Object {
    "batchedUpdates": [Function],
    "getNode": [Function],
    "render": [Function],
    "simulateEvent": [Function],
    "unmount": [Function],
  },
  Symbol(enzyme.__node__): Object {
    "instance": null,
    "key": undefined,
    "nodeType": "function",
    "props": Object {
      "brief": Object {},
      "briefResponses": Array [],
      "handleNameSubmit": null,
      "handleSubmit": null,
      "model": "",
      "specialistName": null,
      "submitClicked": null,
    },
    "ref": null,
    "rendered": null,
    "type": [Function],
  },
  Symbol(enzyme.__nodes__): Array [
    Object {
      "instance": null,
      "key": undefined,
      "nodeType": "function",
      "props": Object {
        "brief": Object {},
        "briefResponses": Array [],
        "handleNameSubmit": null,
        "handleSubmit": null,
        "model": "",
        "specialistName": null,
        "submitClicked": null,
      },
      "ref": null,
      "rendered": null,
      "type": [Function],
    },
  ],
  Symbol(enzyme.__options__): Object {
    "adapter": ReactSixteenAdapter {
      "options": Object {
        "enableComponentDidUpdateOnSetState": true,
      },
    },
  },
}
`;
