// Jest Snapshot v1, https://goo.gl/fbAQLP

exports[`EnterPasswordWidget renders correctly 1`] = `
<div
  className="row"
>
  <div
    className="col-sm-push-2 col-sm-8 col-xs-12"
  >
    <div
      className="layout"
    >
      <header>
        <h1>
          Create a password
        </h1>
        <p>
          To finish creating your account you need to create a password.
        </p>
      </header>
      <article
        role="main"
      >
        <form
          action={undefined}
          id="enterpassword"
          method="post"
          onReset={[Function]}
          onSubmit={[Function]}
        >
          <div
            className="field"
          >
            <div
              className="question-heading"
            >
              Email
            </div>
            <p />
          </div>
          <div
            className="field"
          >
            <label
              className="question-heading"
              htmlFor="password"
            >
              Password
            </label>
            <p
              className="hint"
              id="password-hint"
            >
              At least 10 characters.
            </p>
            <input
              aria-describedby="password-hint"
              className=""
              disabled={false}
              id="password"
              maxLength={undefined}
              name="password"
              onBlur={[Function]}
              onChange={[Function]}
              onFocus={[Function]}
              onKeyPress={[Function]}
              pattern={undefined}
              type="password"
              value=""
            />
          </div>
          <input
            role="button"
            type="submit"
            value="Complete account creation"
          />
        </form>
      </article>
    </div>
  </div>
</div>
`;
