// Jest Snapshot v1, https://goo.gl/fbAQLP

exports[`DomainAssessmentChoice renders 1`] = `
<div
  className="layout"
>
  <header>
    <h1>
      Choose an area of expertise for assessment
    </h1>
  </header>
  <article
    role="main"
  >
    <p>
      To respond to an outcome opportunity, you need an assessed area of expertise. To add a different area of expertise, 
      <a
        href="/sellers/edit"
      >
        update your seller profile.
      </a>
    </p>
    <form
      action={undefined}
      noValidate={undefined}
      onReset={[Function]}
      onSubmit={[Function]}
    >
      <fieldset
        className="field"
      >
        <legend>
           Please choose from the following areas: 
        </legend>
        <div
          id="domain"
        >
          <span>
            <input
              checked={false}
              defaultChecked={undefined}
              defaultValue={undefined}
              disabled={false}
              id="domain-1"
              name="domain"
              onBlur={[Function]}
              onChange={[Function]}
              onFocus={[Function]}
              onKeyPress={[Function]}
              type="radio"
              value="1"
            />
            <label
              htmlFor="domain-1"
            >
              Strategy and Policy
               
              <p>
                Strategy and policy relates to the higher level planning and policy considerations of a digital product or service. Examples include business case development, policy analysis and policy advice.
              </p>
            </label>
          </span>
          <span>
            <input
              checked={false}
              defaultChecked={undefined}
              defaultValue={undefined}
              disabled={false}
              id="domain-13"
              name="domain"
              onBlur={[Function]}
              onChange={[Function]}
              onFocus={[Function]}
              onKeyPress={[Function]}
              type="radio"
              value="13"
            />
            <label
              htmlFor="domain-13"
            >
              Emerging technologies
               
              <p>
                Emerging technology is about developing proof of concepts using recent digital advances for commercial or government purposes. Examples include artificial intelligence, robotics, wearables, Internet of Things and augmented or virtual reality.
              </p>
            </label>
          </span>
        </div>
      </fieldset>
      <button
        type="submit"
      >
        Request an assessment
      </button>
    </form>
  </article>
</div>
`;
