// Jest Snapshot v1, https://goo.gl/fbAQLP

exports[`Textarea with limit 5, 10 words 1`] = `
<div>
  <textarea
    aria-describedby={undefined}
    className="under-50"
    id={undefined}
    name="test"
    onBlur={[Function]}
    onChange={[Function]}
    onFocus={[Function]}
    value="1 2 3 4 5 6 7 8 9 10"
  />
  <span
    aria-live="polite"
    className="word-count-counter"
  >
    5 words too many
  </span>
</div>
`;

exports[`Textarea with limit 100, 10 words 1`] = `
<div>
  <textarea
    aria-describedby={undefined}
    className="under-100"
    id={undefined}
    name="test"
    onBlur={[Function]}
    onChange={[Function]}
    onFocus={[Function]}
    value="1 2 3 4 5 6 7 8 9 10"
  />
  <span
    aria-live="polite"
    className="word-count-counter"
  >
    90 words left
  </span>
</div>
`;

exports[`Textarea with limit 100, no words 1`] = `
<div>
  <textarea
    aria-describedby={undefined}
    className="under-100"
    id={undefined}
    name="test"
    onBlur={[Function]}
    onChange={[Function]}
    onFocus={[Function]}
    value={undefined}
  />
  <span
    aria-live="polite"
    className="word-count-counter"
  >
    100 words left
  </span>
</div>
`;

exports[`Textarea with no words, no limit 1`] = `
<div>
  <textarea
    aria-describedby={undefined}
    className=""
    id={undefined}
    name="test"
    onBlur={[Function]}
    onChange={[Function]}
    onFocus={[Function]}
    value={undefined}
  />
  
</div>
`;
