// Jest Snapshot v1, https://goo.gl/fbAQLP

exports[`DomainSelector renders 1`] = `
<div
  className="layout"
>
  <header>
    <h1
      tabIndex="-1"
    >
      What services will you offer?
    </h1>
    <p>
       If you only have software products to offer, 
      <a
        href="/products"
        onClick={[Function]}
      >
        skip to the product section.
      </a>
    </p>
    <p>
      Select the services you have the expertise to provide.  For each you choose you will need to provide a case study and referee to ensure you meet our 
      <a
        href="/assessment-criteria"
        rel="external"
        target="_blank"
      >
        assessment criteria
      </a>
    </p>
  </header>
  <article
    role="main"
  >
    <form
      action={undefined}
      id="DomainSelector__create"
      method="post"
      onReset={[Function]}
      onSubmit={[Function]}
    >
      <input
        id="csrf_token"
        name="csrf_token"
        type="hidden"
        value="abc"
      />
      <fieldset
        className="field"
      >
        <div>
          <input
            checked={false}
            disabled={false}
            id="strategy-and-policy"
            name="strategy-and-policy"
            onBlur={[Function]}
            onChange={[Function]}
            onFocus={[Function]}
            onKeyPress={[Function]}
            type="checkbox"
            value="Strategy and Policy"
          />
          <label
            htmlFor="strategy-and-policy"
          >
            Strategy and Policy
             
            <p>
              Strategy and policy relates to the higher level planning and policy considerations of a digital product or service. Examples include business case development, policy analysis and policy advice.
            </p>
          </label>
        </div>
        <div>
          <input
            checked={false}
            disabled={false}
            id="user-research-and-design"
            name="user-research-and-design"
            onBlur={[Function]}
            onChange={[Function]}
            onFocus={[Function]}
            onKeyPress={[Function]}
            type="checkbox"
            value="User research and Design"
          />
          <label
            htmlFor="user-research-and-design"
          >
            User research and Design
             
            <p>
              User research and design covers all activities relating to the research and design of a service. Examples include user research, interaction, inclusive, and service design, participant recruitment and facilities for usability testing.
            </p>
          </label>
        </div>
        <div>
          <input
            checked={false}
            disabled={false}
            id="agile-delivery-and-governance"
            name="agile-delivery-and-governance"
            onBlur={[Function]}
            onChange={[Function]}
            onFocus={[Function]}
            onKeyPress={[Function]}
            type="checkbox"
            value="Agile delivery and Governance"
          />
          <label
            htmlFor="agile-delivery-and-governance"
          >
            Agile delivery and Governance
             
            <p>
              Agile delivery and governance covers all services relating to the delivery and management of a digital service or product. Examples include business analysis, delivery management, performance and web analysis, and product management.
            </p>
          </label>
        </div>
        <div>
          <input
            checked={false}
            disabled={false}
            id="software-engineering-and-development"
            name="software-engineering-and-development"
            onBlur={[Function]}
            onChange={[Function]}
            onFocus={[Function]}
            onKeyPress={[Function]}
            type="checkbox"
            value="Software engineering and Development"
          />
          <label
            htmlFor="software-engineering-and-development"
          >
            Software engineering and Development
             
            <p>
              Engineering and development cover the technical aspects of the creation of a digital service. Examples include web development, devops, technical leadership, architecture, continuous delivery, testing and quality assurance.
            </p>
          </label>
        </div>
        <div>
          <input
            checked={false}
            disabled={false}
            id="support-and-operations"
            name="support-and-operations"
            onBlur={[Function]}
            onChange={[Function]}
            onFocus={[Function]}
            onKeyPress={[Function]}
            type="checkbox"
            value="Support and Operations"
          />
          <label
            htmlFor="support-and-operations"
          >
            Support and Operations
             
            <p>
              Support and operations covers the day-to-day activities that can be needed when running a digital service. Examples include administration, business operations, data entry, call centres and tech support.
            </p>
          </label>
        </div>
        <div>
          <input
            checked={false}
            disabled={false}
            id="content-and-publishing"
            name="content-and-publishing"
            onBlur={[Function]}
            onChange={[Function]}
            onFocus={[Function]}
            onKeyPress={[Function]}
            type="checkbox"
            value="Content and Publishing"
          />
          <label
            htmlFor="content-and-publishing"
          >
            Content and Publishing
             
            <p>
              Content and publishing covers all services that provide or manage of any type of online or offline content. Examples include content design, writing, translation, photography, video, interactive, illustration and animation.
            </p>
          </label>
        </div>
        <div>
          <input
            checked={false}
            disabled={false}
            id="change-training-and-transformation"
            name="change-training-and-transformation"
            onBlur={[Function]}
            onChange={[Function]}
            onFocus={[Function]}
            onKeyPress={[Function]}
            type="checkbox"
            value="Change, Training and Transformation"
          />
          <label
            htmlFor="change-training-and-transformation"
          >
            Change, Training and Transformation
             
            <p>
              Change, training and transformation is about embedding more efficient work culture and practices in government. Examples include digital transformation advice, agile coaching, change management and training in new ways of working.
            </p>
          </label>
        </div>
        <div>
          <input
            checked={false}
            disabled={false}
            id="marketing-communications-and-engagement"
            name="marketing-communications-and-engagement"
            onBlur={[Function]}
            onChange={[Function]}
            onFocus={[Function]}
            onKeyPress={[Function]}
            type="checkbox"
            value="Marketing, Communications and Engagement"
          />
          <label
            htmlFor="marketing-communications-and-engagement"
          >
            Marketing, Communications and Engagement
             
            <p>
              Marketing, communications and engagement create awareness, adoption and ongoing use of a digital service. Examples include advertising, PR, event marketing, content marketing, social, SEO and growth hacking.
            </p>
          </label>
        </div>
        <div>
          <input
            checked={false}
            disabled={false}
            id="cyber-security"
            name="cyber-security"
            onBlur={[Function]}
            onChange={[Function]}
            onFocus={[Function]}
            onKeyPress={[Function]}
            type="checkbox"
            value="Cyber security"
          />
          <label
            htmlFor="cyber-security"
          >
            Cyber security
             
            <p>
              Cyber security protects the Australian government and its citizensâ€™ interests online. Examples include cyber security advice, cyber security education, information security, assessments, ethical hacking, monitoring, incident response, data privacy and digital forensics.
            </p>
          </label>
        </div>
        <div>
          <input
            checked={false}
            disabled={false}
            id="data-science"
            name="data-science"
            onBlur={[Function]}
            onChange={[Function]}
            onFocus={[Function]}
            onKeyPress={[Function]}
            type="checkbox"
            value="Data science"
          />
          <label
            htmlFor="data-science"
          >
            Data science
             
            <p>
              Data science brings analytical rigour and statistical methods to measure quality, improve services and model behaviour. Examples include statistical and scenario modelling and data visualisation.
            </p>
          </label>
        </div>
        <div>
          <input
            checked={false}
            disabled={false}
            id="emerging-technologies"
            name="emerging-technologies"
            onBlur={[Function]}
            onChange={[Function]}
            onFocus={[Function]}
            onKeyPress={[Function]}
            type="checkbox"
            value="Emerging technologies"
          />
          <label
            htmlFor="emerging-technologies"
          >
            Emerging technologies
             
            <p>
              Emerging technology is about developing proof of concepts using recent digital advances for commercial or government purposes. Examples include artificial intelligence, robotics, wearables, Internet of Things and augmented or virtual reality.
            </p>
          </label>
        </div>
      </fieldset>
      <div
        styleName="nav-row"
      >
        <button
          styleName="nav-button"
          type="submit"
        >
          Save and continue
        </button>
        <button
          className="save-button"
          onClick={[Function]}
          styleName="nav-button"
        >
          Save and finish later
        </button>
        <button
          className="button-secondary"
          onClick={[Function]}
          styleName="nav-link skip-button"
        >
          Skip for now
        </button>
      </div>
    </form>
  </article>
</div>
`;

exports[`DomainSelector renders with populated fields 1`] = `
<div
  className="layout"
>
  <header>
    <h1
      tabIndex="-1"
    >
      What services will you offer?
    </h1>
    <p>
       If you only have software products to offer, 
      <a
        href="/products"
        onClick={[Function]}
      >
        skip to the product section.
      </a>
    </p>
    <p>
      Select the services you have the expertise to provide.  For each you choose you will need to provide a case study and referee to ensure you meet our 
      <a
        href="/assessment-criteria"
        rel="external"
        target="_blank"
      >
        assessment criteria
      </a>
    </p>
  </header>
  <article
    role="main"
  >
    <form
      action={undefined}
      id="DomainSelector__create"
      method="post"
      onReset={[Function]}
      onSubmit={[Function]}
    >
      <input
        id="csrf_token"
        name="csrf_token"
        type="hidden"
        value="abc"
      />
      <fieldset
        className="field"
      >
        <div>
          <input
            checked={false}
            disabled={false}
            id="strategy-and-policy"
            name="strategy-and-policy"
            onBlur={[Function]}
            onChange={[Function]}
            onFocus={[Function]}
            onKeyPress={[Function]}
            type="checkbox"
            value="Strategy and Policy"
          />
          <label
            htmlFor="strategy-and-policy"
          >
            Strategy and Policy
             
            <p>
              Strategy and policy relates to the higher level planning and policy considerations of a digital product or service. Examples include business case development, policy analysis and policy advice.
            </p>
          </label>
        </div>
        <div>
          <input
            checked={false}
            disabled={false}
            id="user-research-and-design"
            name="user-research-and-design"
            onBlur={[Function]}
            onChange={[Function]}
            onFocus={[Function]}
            onKeyPress={[Function]}
            type="checkbox"
            value="User research and Design"
          />
          <label
            htmlFor="user-research-and-design"
          >
            User research and Design
             
            <p>
              User research and design covers all activities relating to the research and design of a service. Examples include user research, interaction, inclusive, and service design, participant recruitment and facilities for usability testing.
            </p>
          </label>
        </div>
        <div>
          <input
            checked={false}
            disabled={false}
            id="agile-delivery-and-governance"
            name="agile-delivery-and-governance"
            onBlur={[Function]}
            onChange={[Function]}
            onFocus={[Function]}
            onKeyPress={[Function]}
            type="checkbox"
            value="Agile delivery and Governance"
          />
          <label
            htmlFor="agile-delivery-and-governance"
          >
            Agile delivery and Governance
             
            <p>
              Agile delivery and governance covers all services relating to the delivery and management of a digital service or product. Examples include business analysis, delivery management, performance and web analysis, and product management.
            </p>
          </label>
        </div>
        <div>
          <input
            checked={false}
            disabled={false}
            id="software-engineering-and-development"
            name="software-engineering-and-development"
            onBlur={[Function]}
            onChange={[Function]}
            onFocus={[Function]}
            onKeyPress={[Function]}
            type="checkbox"
            value="Software engineering and Development"
          />
          <label
            htmlFor="software-engineering-and-development"
          >
            Software engineering and Development
             
            <p>
              Engineering and development cover the technical aspects of the creation of a digital service. Examples include web development, devops, technical leadership, architecture, continuous delivery, testing and quality assurance.
            </p>
          </label>
        </div>
        <div>
          <input
            checked={false}
            disabled={false}
            id="support-and-operations"
            name="support-and-operations"
            onBlur={[Function]}
            onChange={[Function]}
            onFocus={[Function]}
            onKeyPress={[Function]}
            type="checkbox"
            value="Support and Operations"
          />
          <label
            htmlFor="support-and-operations"
          >
            Support and Operations
             
            <p>
              Support and operations covers the day-to-day activities that can be needed when running a digital service. Examples include administration, business operations, data entry, call centres and tech support.
            </p>
          </label>
        </div>
        <div>
          <input
            checked={false}
            disabled={false}
            id="content-and-publishing"
            name="content-and-publishing"
            onBlur={[Function]}
            onChange={[Function]}
            onFocus={[Function]}
            onKeyPress={[Function]}
            type="checkbox"
            value="Content and Publishing"
          />
          <label
            htmlFor="content-and-publishing"
          >
            Content and Publishing
             
            <p>
              Content and publishing covers all services that provide or manage of any type of online or offline content. Examples include content design, writing, translation, photography, video, interactive, illustration and animation.
            </p>
          </label>
        </div>
        <div>
          <input
            checked={false}
            disabled={false}
            id="change-training-and-transformation"
            name="change-training-and-transformation"
            onBlur={[Function]}
            onChange={[Function]}
            onFocus={[Function]}
            onKeyPress={[Function]}
            type="checkbox"
            value="Change, Training and Transformation"
          />
          <label
            htmlFor="change-training-and-transformation"
          >
            Change, Training and Transformation
             
            <p>
              Change, training and transformation is about embedding more efficient work culture and practices in government. Examples include digital transformation advice, agile coaching, change management and training in new ways of working.
            </p>
          </label>
        </div>
        <div>
          <input
            checked={false}
            disabled={false}
            id="marketing-communications-and-engagement"
            name="marketing-communications-and-engagement"
            onBlur={[Function]}
            onChange={[Function]}
            onFocus={[Function]}
            onKeyPress={[Function]}
            type="checkbox"
            value="Marketing, Communications and Engagement"
          />
          <label
            htmlFor="marketing-communications-and-engagement"
          >
            Marketing, Communications and Engagement
             
            <p>
              Marketing, communications and engagement create awareness, adoption and ongoing use of a digital service. Examples include advertising, PR, event marketing, content marketing, social, SEO and growth hacking.
            </p>
          </label>
        </div>
        <div>
          <input
            checked={false}
            disabled={false}
            id="cyber-security"
            name="cyber-security"
            onBlur={[Function]}
            onChange={[Function]}
            onFocus={[Function]}
            onKeyPress={[Function]}
            type="checkbox"
            value="Cyber security"
          />
          <label
            htmlFor="cyber-security"
          >
            Cyber security
             
            <p>
              Cyber security protects the Australian government and its citizensâ€™ interests online. Examples include cyber security advice, cyber security education, information security, assessments, ethical hacking, monitoring, incident response, data privacy and digital forensics.
            </p>
          </label>
        </div>
        <div>
          <input
            checked={false}
            disabled={false}
            id="data-science"
            name="data-science"
            onBlur={[Function]}
            onChange={[Function]}
            onFocus={[Function]}
            onKeyPress={[Function]}
            type="checkbox"
            value="Data science"
          />
          <label
            htmlFor="data-science"
          >
            Data science
             
            <p>
              Data science brings analytical rigour and statistical methods to measure quality, improve services and model behaviour. Examples include statistical and scenario modelling and data visualisation.
            </p>
          </label>
        </div>
        <div>
          <input
            checked={false}
            disabled={false}
            id="emerging-technologies"
            name="emerging-technologies"
            onBlur={[Function]}
            onChange={[Function]}
            onFocus={[Function]}
            onKeyPress={[Function]}
            type="checkbox"
            value="Emerging technologies"
          />
          <label
            htmlFor="emerging-technologies"
          >
            Emerging technologies
             
            <p>
              Emerging technology is about developing proof of concepts using recent digital advances for commercial or government purposes. Examples include artificial intelligence, robotics, wearables, Internet of Things and augmented or virtual reality.
            </p>
          </label>
        </div>
      </fieldset>
      <div
        styleName="nav-row"
      >
        <button
          styleName="nav-button"
          type="submit"
        >
          Save and continue
        </button>
        <button
          className="save-button"
          onClick={[Function]}
          styleName="nav-button"
        >
          Save and finish later
        </button>
        <button
          className="button-secondary"
          onClick={[Function]}
          styleName="nav-link skip-button"
        >
          Skip for now
        </button>
      </div>
    </form>
  </article>
</div>
`;
