// Jest Snapshot v1, https://goo.gl/fbAQLP

exports[`ProjectViewWidget renders without errrors 1`] = `
<div>
  <section
    styleName="full-header"
  >
    <div
      className="row"
    >
      <div
        className="col-xs-12"
      >
        <h1
          tabIndex="-1"
        >
          A Case Study
        </h1>
      </div>
    </div>
    <div
      className="row"
    >
      <article
        className="col-xs-12 col-md-8 col-sm-7"
      >
        <p
          styleName="summary"
        />
        <p>
          <strong>
            Project stage
          </strong>
           
        </p>
      </article>
      <article
        className="col-xs-12 col-sm-8 col-sm-push-1 col-md-3 col-md-push-1"
      >
        <div
          style={
            Object {
              "backgroundColor": "white",
            }
          }
          styleName="tile"
        >
          <span>
            Council
          </span>
          <b>
            A Case study client
          </b>
          <a
            href="mailto:undefined"
            role="button"
          >
            Email contact
          </a>
        </div>
      </article>
    </div>
  </section>
  <section
    id="project__ProjectView"
    styleName="center"
  >
    <div
      className="row"
    >
      <aside
        className="col-sm-3 col-xs-12"
      />
      <article
        className="col-sm-7 col-xs-12"
        role="main"
      >
        <section>
          <h2>
            What's the key problem to solve?
          </h2>
          <p
            className="freetext"
          >
            <span>
              A simple problem
              <br />
            </span>
          </p>
        </section>
        <section>
          <h2>
            Outcomes
          </h2>
          <ul>
            <li>
              a
            </li>
            <li>
              b
            </li>
          </ul>
        </section>
        <div
          className="project__actions"
        />
      </article>
    </div>
  </section>
</div>
`;
