// Jest Snapshot v1, https://goo.gl/fbAQLP

exports[`Test suite for RequestResetEmailForm component Because snapshots 1`] = `
<div
  className="row"
>
  <div
    className="col-sm-push-2 col-sm-8 col-xs-12"
  >
    <article
      role="main"
    >
      <header
        className="page-heading page-heading-without-breadcrumb"
      >
        <h1
          className="au-display-xl"
        >
          Reset password
        </h1>
        <p>
          Enter your email address and we'll send you a link to reset your password. Password reset links are valid for 24 hours.
        </p>
      </header>
      <form
        id="sendResetEmail"
        noValidate={undefined}
        onReset={[Function]}
        onSubmit={[Function]}
      >
        <div
          className="field "
        >
          <label
            className="question-heading au-text-input__label"
            htmlFor="email_address"
            id="email_address-label"
          >
            
          </label>
          <div
            className="au-text-input__hint"
            id="email_address-hint"
          >
            Enter the email address you used to register with the Marketplace
          </div>
          <input
            aria-describedby="email_address-label"
            className="au-text-input au-text-input--block"
            disabled={false}
            id="email_address"
            max={null}
            maxLength={undefined}
            min={null}
            name="email_address"
            onBlur={[Function]}
            onChange={[Function]}
            onFocus={[Function]}
            onKeyPress={[Function]}
            pattern={null}
            placeholder=""
            readOnly={false}
            step={null}
            type="text"
            value=""
          />
        </div>
        <p>
          <input
            className="au-btn"
            onClick={[Function]}
            type="submit"
            value="Send reset password"
          />
        </p>
      </form>
    </article>
  </div>
</div>
`;

exports[`Test suite for ResetPasswordForm component Because snapshots 1`] = `
<div
  className="row"
>
  <div
    className="col-sm-push-2 col-sm-8 col-xs-12"
  >
    <article
      role="main"
    >
      <header
        className="page-heading page-heading-without-breadcrumb"
      >
        <h1
          className="au-display-xl"
        >
          Reset password
        </h1>
      </header>
      <form
        id="resetPassword"
        noValidate={undefined}
        onReset={[Function]}
        onSubmit={[Function]}
      >
        <div
          className="field "
        >
          <label
            className="question-heading au-text-input__label"
            htmlFor="password"
            id="password-label"
          >
            Password
          </label>
          <div
            className="au-text-input__hint"
            id="password-hint"
          >
            Your password should be at least 10 characters
          </div>
          <input
            aria-describedby="password-label"
            className="au-text-input au-text-input--block"
            disabled={false}
            id="password"
            max={null}
            maxLength={undefined}
            min={null}
            name="password"
            onBlur={[Function]}
            onChange={[Function]}
            onFocus={[Function]}
            onKeyPress={[Function]}
            pattern={null}
            placeholder=""
            readOnly={false}
            step={null}
            type="password"
            value=""
          />
        </div>
        <div
          className="field "
        >
          <label
            className="question-heading au-text-input__label"
            htmlFor="confirmPassword"
            id="confirmPassword-label"
          >
            Password
          </label>
          <div
            className="au-text-input__hint"
            id="confirmPassword-hint"
          >
            Repeat password used above
          </div>
          <input
            aria-describedby="confirmPassword-label"
            className="au-text-input au-text-input--block"
            disabled={false}
            id="confirmPassword"
            max={null}
            maxLength={undefined}
            min={null}
            name="confirmPassword"
            onBlur={[Function]}
            onChange={[Function]}
            onFocus={[Function]}
            onKeyPress={[Function]}
            pattern={null}
            placeholder=""
            readOnly={false}
            step={null}
            type="password"
            value=""
          />
        </div>
        <p>
          <input
            className="au-btn"
            onClick={[Function]}
            type="submit"
            value="Reset password"
          />
        </p>
      </form>
    </article>
  </div>
</div>
`;
