// Jest Snapshot v1, https://goo.gl/fbAQLP

exports[`RevertedNotificationForm with required attributes 1`] = `
<form>
  <label
    htmlFor="formHeading"
  >
    <h3
      className="au-display-md"
    >
      Revert application with optional email to seller
    </h3>
    <b>
      Provide a short clear reason, starting with a hyphen. Eg "- ABN missing a digit"
    </b>
    <textarea
      onChange={[Function]}
      value="Dear Marketplace seller

Weâ€™ve reviewed your submission to the Digital Marketplace and require more detail or changes to your profile.

YOUR NOTES GO HERE

To update your profile:

  1. Log in to your [Digital Marketplace dashboard]({{ frontend_url }}/2/seller-dashboard).
  2. Update your seller profile.
  3. Resubmit your application for review.

We'll advise you once we've reviewed the changes.

Regards,  
The Digital Marketplace team  
Digital Transformation Agency  
[{{ frontend_url }}]({{ frontend_url }}) | [dta.gov.au](https://dta.gov.au)"
    />
  </label>
  <div
    styleName="form-button-group"
  >
    <div
      styleName="form-button-wrapper"
    >
      <button
        onClick={[Function]}
        style={
          Object {
            "width": "200px",
          }
        }
        type="button"
      >
        Revert & Send Email
      </button>
    </div>
    <div
      styleName="form-button-wrapper"
    >
      <button
        onClick={[Function]}
        style={
          Object {
            "width": "200px",
          }
        }
        type="button"
      >
        Revert Without Email
      </button>
    </div>
  </div>
  <a
    className="button"
    onClick={[Function]}
    onKeyUp={[Function]}
    styleName="close-modal-prompt"
    tabIndex="0"
  >
    close
  </a>
</form>
`;
